{"game": "ls20", "play": 3, "arm": "templates", "seconds": 1.5, "error": null, "tl_active": null, "tl_final_map": null}
{"game": "ls20", "play": 0, "arm": "templates", "seconds": 2.5, "error": null, "tl_active": null, "tl_final_map": null}
{"game": "ls20", "play": 2, "arm": "templates", "seconds": 3.9, "error": null, "tl_active": null, "tl_final_map": null}
{"game": "ls20", "play": 1, "arm": "templates", "seconds": 6.9, "error": null, "tl_active": null, "tl_final_map": null}
{"game": "ls20", "play": 3, "arm": "tl_only", "seconds": 9.1, "error": null, "tl_active": "ABHKP", "tl_final_map": 2}
{"game": "ls20", "play": 3, "arm": "touch_tl", "seconds": 10.7, "error": null, "tl_active": "ABHKP", "tl_final_map": 1}
{"game": "ls20", "play": 5, "arm": "templates", "seconds": 1.5, "error": null, "tl_active": null, "tl_final_map": null}
{"game": "ls20", "play": 4, "arm": "templates", "seconds": 10.4, "error": null, "tl_active": null, "tl_final_map": null}
{"game": "ls20", "play": 0, "arm": "tl_only", "seconds": 22.9, "error": null, "tl_active": "ABHKP", "tl_final_map": 2}
{"game": "ls20", "play": 6, "arm": "templates", "seconds": null, "error": "empty play", "tl_active": null, "tl_final_map": null}
{"game": "ls20", "play": 6, "arm": "touch_tl", "seconds": null, "error": "empty play", "tl_active": null, "tl_final_map": null}
{"game": "ls20", "play": 6, "arm": "tl_only", "seconds": null, "error": "empty play", "tl_active": null, "tl_final_map": null}
{"game": "ls20", "play": 0, "arm": "touch_tl", "seconds": 24.5, "error": null, "tl_active": "ABHKP", "tl_final_map": 0}
{"game": "ls20", "play": 5, "arm": "touch_tl", "seconds": 14.3, "error": null, "tl_active": "ABHKP", "tl_final_map": 0}
{"game": "ls20", "play": 5, "arm": "tl_only", "seconds": 13.9, "error": null, "tl_active": "ABHKP", "tl_final_map": 5}
{"game": "ls20", "play": 7, "arm": "templates", "seconds": 8.4, "error": null, "tl_active": null, "tl_final_map": null}
{"game": "ls20", "play": 8, "arm": "templates", "seconds": 4.7, "error": null, "tl_active": null, "tl_final_map": null}
{"game": "ls20", "play": 2, "arm": "tl_only", "seconds": 37.5, "error": null, "tl_active": "ABGHKP", "tl_final_map": 2}
{"game": "ls20", "play": 9, "arm": "templates", "seconds": 2.4, "error": null, "tl_active": null, "tl_final_map": null}
{"game": "ls20", "play": 2, "arm": "touch_tl", "seconds": 48.7, "error": null, "tl_active": "ABGHKP", "tl_final_map": 1}
{"game": "ls20", "play": 1, "arm": "tl_only", "seconds": 51.1, "error": null, "tl_active": "ABHKP", "tl_final_map": 2}
{"game": "ls20", "play": 10, "arm": "templates", "seconds": 2.8, "error": null, "tl_active": null, "tl_final_map": null}
{"game": "ls20", "play": 9, "arm": "touch_tl", "seconds": 15.7, "error": null, "tl_active": "ABHKP", "tl_final_map": 0}
{"game": "ls20", "play": 1, "arm": "touch_tl", "seconds": 63.8, "error": null, "tl_active": "ABHKP", "tl_final_map": 0}
{"game": "ls20", "play": 9, "arm": "tl_only", "seconds": 16.6, "error": null, "tl_active": "ABHKP", "tl_final_map": 2}
{"game": "ls20", "play": 11, "arm": "templates", "seconds": 5.7, "error": null, "tl_active": null, "tl_final_map": null}
{"game": "ls20", "play": 8, "arm": "tl_only", "seconds": 40.2, "error": null, "tl_active": "ABHKP", "tl_final_map": 2}
{"game": "ls20", "play": 10, "arm": "touch_tl", "seconds": 22.3, "error": null, "tl_active": "ABHKP", "tl_final_map": 0}
{"game": "ls20", "play": 10, "arm": "tl_only", "seconds": 20.9, "error": null, "tl_active": "ABHKP", "tl_final_map": 2}
{"game": "ls20", "play": 8, "arm": "touch_tl", "seconds": 46.8, "error": null, "tl_active": "ABHKP", "tl_final_map": 1}
{"game": "ls20", "play": 12, "arm": "templates", "seconds": 8.7, "error": null, "tl_active": null, "tl_final_map": null}
{"game": "ls20", "play": 13, "arm": "templates", "seconds": 8.0, "error": null, "tl_active": null, "tl_final_map": null}
{"game": "ls20", "play": 7, "arm": "tl_only", "seconds": 58.5, "error": null, "tl_active": "ABGHKP", "tl_final_map": 2}
{"game": "ls20", "play": 14, "arm": "templates", "seconds": 1.7, "error": null, "tl_active": null, "tl_final_map": null}
{"game": "ls20", "play": 7, "arm": "touch_tl", "seconds": 71.0, "error": null, "tl_active": "ABGHKP", "tl_final_map": 1}
{"game": "ls20", "play": 4, "arm": "tl_only", "seconds": 92.4, "error": null, "tl_active": "ABGHKP", "tl_final_map": 4}
{"game": "ls20", "play": 14, "arm": "touch_tl", "seconds": 16.6, "error": null, "tl_active": "ABHKP", "tl_final_map": 1}
{"game": "ls20", "play": 11, "arm": "touch_tl", "seconds": 41.5, "error": null, "tl_active": "ABHKP", "tl_final_map": 0}
{"game": "ls20", "play": 11, "arm": "tl_only", "seconds": 37.7, "error": null, "tl_active": "ABGHKP", "tl_final_map": 3}
{"game": "ls20", "play": 14, "arm": "tl_only", "seconds": 15.3, "error": null, "tl_active": "ABHKP", "tl_final_map": 2}
{"game": "ls20", "play": 15, "arm": "templates", "seconds": 10.5, "error": null, "tl_active": null, "tl_final_map": null}
{"game": "ls20", "play": 16, "arm": "templates", "seconds": 8.9, "error": null, "tl_active": null, "tl_final_map": null}
{"game": "ls20", "play": 17, "arm": "templates", "seconds": 0.4, "error": null, "tl_active": null, "tl_final_map": null}
{"game": "ls20", "play": 4, "arm": "touch_tl", "seconds": 110.4, "error": null, "tl_active": "ABGHKP", "tl_final_map": 3}
{"game": "ls20", "play": 17, "arm": "tl_only", "seconds": 4.4, "error": null, "tl_active": "ABHKP", "tl_final_map": 1}
{"game": "ls20", "play": 17, "arm": "touch_tl", "seconds": 5.1, "error": null, "tl_active": "ABHKP", "tl_final_map": 0}
{"game": "ls20", "play": 18, "arm": "templates", "seconds": 1.5, "error": null, "tl_active": null, "tl_final_map": null}
{"game": "ls20", "play": 13, "arm": "tl_only", "seconds": 37.6, "error": null, "tl_active": "ABGHKP", "tl_final_map": 2}
{"game": "ls20", "play": 19, "arm": "templates", "seconds": 1.6, "error": null, "tl_active": null, "tl_final_map": null}
{"game": "ls20", "play": 18, "arm": "tl_only", "seconds": 4.7, "error": null, "tl_active": "ABHKP", "tl_final_map": 2}
{"game": "ls20", "play": 18, "arm": "touch_tl", "seconds": 6.1, "error": null, "tl_active": "ABHKP", "tl_final_map": 0}
{"game": "g50t", "play": 0, "arm": "templates", "seconds": null, "error": "empty play", "tl_active": null, "tl_final_map": null}
{"game": "g50t", "play": 0, "arm": "touch_tl", "seconds": null, "error": "empty play", "tl_active": null, "tl_final_map": null}
{"game": "g50t", "play": 0, "arm": "tl_only", "seconds": null, "error": "empty play", "tl_active": null, "tl_final_map": null}
{"game": "g50t", "play": 1, "arm": "templates", "seconds": 1.1, "error": null, "tl_active": null, "tl_final_map": null}
{"game": "ls20", "play": 13, "arm": "touch_tl", "seconds": 49.8, "error": null, "tl_active": "ABGHKP", "tl_final_map": 0}
{"game": "ls20", "play": 12, "arm": "tl_only", "seconds": 57.7, "error": null, "tl_active": "ABHKP", "tl_final_map": 3}
{"game": "ls20", "play": 19, "arm": "touch_tl", "seconds": 9.3, "error": null, "tl_active": "ABHKP", "tl_final_map": 0}
{"game": "g50t", "play": 1, "arm": "touch_tl", "seconds": 5.6, "error": null, "tl_active": "ABHKP", "tl_final_map": 1}
{"game": "g50t", "play": 2, "arm": "templates", "seconds": 1.4, "error": null, "tl_active": null, "tl_final_map": null}
{"game": "g50t", "play": 3, "arm": "templates", "seconds": 0.4, "error": null, "tl_active": null, "tl_final_map": null}
{"game": "g50t", "play": 1, "arm": "tl_only", "seconds": 5.0, "error": null, "tl_active": "ABHKP", "tl_final_map": 2}
{"game": "ls20", "play": 19, "arm": "tl_only", "seconds": 9.9, "error": null, "tl_active": "ABHKP", "tl_final_map": 3}
{"game": "g50t", "play": 4, "arm": "templates", "seconds": 0.5, "error": null, "tl_active": null, "tl_final_map": null}
{"game": "g50t", "play": 3, "arm": "touch_tl", "seconds": 2.7, "error": null, "tl_active": "ABHKP", "tl_final_map": 1}
{"game": "g50t", "play": 3, "arm": "tl_only", "seconds": 2.3, "error": null, "tl_active": "ABHKP", "tl_final_map": 2}
{"game": "g50t", "play": 5, "arm": "templates", "seconds": 1.5, "error": null, "tl_active": null, "tl_final_map": null}
{"game": "g50t", "play": 4, "arm": "tl_only", "seconds": 2.3, "error": null, "tl_active": "ABHKP", "tl_final_map": 2}
{"game": "ls20", "play": 12, "arm": "touch_tl", "seconds": 65.5, "error": null, "tl_active": "ABHKP", "tl_final_map": 0}
{"game": "g50t", "play": 4, "arm": "touch_tl", "seconds": 3.2, "error": null, "tl_active": "ABHKP", "tl_final_map": 0}
{"game": "g50t", "play": 2, "arm": "tl_only", "seconds": 12.1, "error": null, "tl_active": "ABGHKP", "tl_final_map": 1}
{"game": "g50t", "play": 6, "arm": "templates", "seconds": 6.4, "error": null, "tl_active": null, "tl_final_map": null}
{"game": "g50t", "play": 2, "arm": "touch_tl", "seconds": 13.3, "error": null, "tl_active": "ABGHKP", "tl_final_map": 1}
{"game": "g50t", "play": 5, "arm": "tl_only", "seconds": 8.2, "error": null, "tl_active": "ABHKP", "tl_final_map": 2}
{"game": "g50t", "play": 7, "arm": "templates", "seconds": 2.0, "error": null, "tl_active": null, "tl_final_map": null}
{"game": "g50t", "play": 5, "arm": "touch_tl", "seconds": 10.2, "error": null, "tl_active": "ABHKP", "tl_final_map": 0}
{"game": "g50t", "play": 8, "arm": "templates", "seconds": 2.2, "error": null, "tl_active": null, "tl_final_map": null}
{"game": "g50t", "play": 7, "arm": "tl_only", "seconds": 10.2, "error": null, "tl_active": "ABHKP", "tl_final_map": 2}
{"game": "g50t", "play": 9, "arm": "templates", "seconds": 0.9, "error": null, "tl_active": null, "tl_final_map": null}
{"game": "g50t", "play": 7, "arm": "touch_tl", "seconds": 12.7, "error": null, "tl_active": "ABHKP", "tl_final_map": 1}
{"game": "g50t", "play": 8, "arm": "tl_only", "seconds": 9.6, "error": null, "tl_active": "ABGHKP", "tl_final_map": 2}
{"game": "g50t", "play": 8, "arm": "touch_tl", "seconds": 11.7, "error": null, "tl_active": "ABGHKP", "tl_final_map": 1}
{"game": "g50t", "play": 10, "arm": "templates", "seconds": 0.9, "error": null, "tl_active": null, "tl_final_map": null}
{"game": "g50t", "play": 6, "arm": "touch_tl", "seconds": 21.9, "error": null, "tl_active": "ABGHKP", "tl_final_map": 1}
{"game": "g50t", "play": 11, "arm": "templates", "seconds": 0.4, "error": null, "tl_active": null, "tl_final_map": null}
{"game": "g50t", "play": 6, "arm": "tl_only", "seconds": 19.6, "error": null, "tl_active": "ABGHKP", "tl_final_map": 5}
{"game": "g50t", "play": 11, "arm": "touch_tl", "seconds": 3.2, "error": null, "tl_active": "ABHKP", "tl_final_map": 1}
{"game": "g50t", "play": 10, "arm": "tl_only", "seconds": 5.5, "error": null, "tl_active": "ABHKP", "tl_final_map": 2}
{"game": "g50t", "play": 10, "arm": "touch_tl", "seconds": 6.3, "error": null, "tl_active": "ABHKP", "tl_final_map": 0}
{"game": "g50t", "play": 11, "arm": "tl_only", "seconds": 2.3, "error": null, "tl_active": "ABHKP", "tl_final_map": 2}
{"game": "g50t", "play": 9, "arm": "touch_tl", "seconds": 9.2, "error": null, "tl_active": "ABGHKP", "tl_final_map": 0}
{"game": "g50t", "play": 13, "arm": "templates", "seconds": 0.7, "error": null, "tl_active": null, "tl_final_map": null}
{"game": "g50t", "play": 9, "arm": "tl_only", "seconds": 9.3, "error": null, "tl_active": "ABGHKP", "tl_final_map": 2}
{"game": "g50t", "play": 12, "arm": "templates", "seconds": 2.9, "error": null, "tl_active": null, "tl_final_map": null}
{"game": "g50t", "play": 14, "arm": "templates", "seconds": 0.1, "error": null, "tl_active": null, "tl_final_map": null}
{"game": "g50t", "play": 14, "arm": "touch_tl", "seconds": 0.2, "error": null, "tl_active": "ABHK", "tl_final_map": 0}
{"game": "g50t", "play": 14, "arm": "tl_only", "seconds": 0.2, "error": null, "tl_active": "ABHK", "tl_final_map": 0}
{"game": "g50t", "play": 15, "arm": "templates", "seconds": 0.3, "error": null, "tl_active": null, "tl_final_map": null}
{"game": "ls20", "play": 16, "arm": "tl_only", "seconds": 57.3, "error": null, "tl_active": "ABHKP", "tl_final_map": 2}
{"game": "g50t", "play": 16, "arm": "templates", "seconds": 1.7, "error": null, "tl_active": null, "tl_final_map": null}
{"game": "g50t", "play": 15, "arm": "tl_only", "seconds": 2.6, "error": null, "tl_active": "ABHKP", "tl_final_map": 2}
{"game": "g50t", "play": 15, "arm": "touch_tl", "seconds": 3.1, "error": null, "tl_active": "ABHKP", "tl_final_map": 1}
{"game": "g50t", "play": 13, "arm": "tl_only", "seconds": 4.2, "error": null, "tl_active": "ABHKP", "tl_final_map": 3}
{"game": "g50t", "play": 13, "arm": "touch_tl", "seconds": 4.6, "error": null, "tl_active": "ABHKP", "tl_final_map": 1}
{"game": "g50t", "play": 17, "arm": "templates", "seconds": 1.1, "error": null, "tl_active": null, "tl_final_map": null}
{"game": "g50t", "play": 18, "arm": "templates", "seconds": 0.1, "error": null, "tl_active": null, "tl_final_map": null}
{"game": "g50t", "play": 18, "arm": "touch_tl", "seconds": 0.3, "error": null, "tl_active": "ABHKP", "tl_final_map": 0}
{"game": "g50t", "play": 18, "arm": "tl_only", "seconds": 0.4, "error": null, "tl_active": "ABHKP", "tl_final_map": 2}
{"game": "ls20", "play": 15, "arm": "tl_only", "seconds": 71.8, "error": null, "tl_active": "ABHKP", "tl_final_map": 1}
{"game": "g50t", "play": 12, "arm": "tl_only", "seconds": 10.1, "error": null, "tl_active": "ABHKP", "tl_final_map": 3}
{"game": "g50t", "play": 12, "arm": "touch_tl", "seconds": 11.5, "error": null, "tl_active": "ABHKP", "tl_final_map": 1}
{"game": "wa30", "play": 0, "arm": "templates", "seconds": null, "error": "empty play", "tl_active": null, "tl_final_map": null}
{"game": "wa30", "play": 0, "arm": "touch_tl", "seconds": null, "error": "empty play", "tl_active": null, "tl_final_map": null}
{"game": "wa30", "play": 0, "arm": "tl_only", "seconds": null, "error": "empty play", "tl_active": null, "tl_final_map": null}
{"game": "g50t", "play": 16, "arm": "tl_only", "seconds": 7.4, "error": null, "tl_active": "ABGHKP", "tl_final_map": 2}
{"game": "g50t", "play": 17, "arm": "touch_tl", "seconds": 6.7, "error": null, "tl_active": "ABHKP", "tl_final_map": 1}
{"game": "ls20", "play": 16, "arm": "touch_tl", "seconds": 70.4, "error": null, "tl_active": "ABHKP", "tl_final_map": 1}
{"game": "g50t", "play": 17, "arm": "tl_only", "seconds": 6.5, "error": null, "tl_active": "ABHKP", "tl_final_map": 3}
{"game": "g50t", "play": 19, "arm": "templates", "seconds": 5.7, "error": null, "tl_active": null, "tl_final_map": null}
{"game": "wa30", "play": 1, "arm": "templates", "seconds": 2.8, "error": null, "tl_active": null, "tl_final_map": null}
{"game": "g50t", "play": 16, "arm": "touch_tl", "seconds": 9.7, "error": null, "tl_active": "ABGHKP", "tl_final_map": 0}
{"game": "wa30", "play": 2, "arm": "templates", "seconds": 11.2, "error": null, "tl_active": null, "tl_final_map": null}
{"game": "ls20", "play": 15, "arm": "touch_tl", "seconds": 91.3, "error": null, "tl_active": "ABHKP", "tl_final_map": 0}
{"game": "wa30", "play": 1, "arm": "touch_tl", "seconds": 15.7, "error": null, "tl_active": "ABHKP", "tl_final_map": 0}
{"game": "wa30", "play": 1, "arm": "tl_only", "seconds": 16.3, "error": null, "tl_active": "ABHKP", "tl_final_map": 2}
{"game": "wa30", "play": 3, "arm": "templates", "seconds": 24.4, "error": null, "tl_active": null, "tl_final_map": null}
{"game": "wa30", "play": 2, "arm": "tl_only", "seconds": 34.2, "error": null, "tl_active": "ABHKP", "tl_final_map": 2}
{"game": "g50t", "play": 19, "arm": "tl_only", "seconds": 43.1, "error": null, "tl_active": "ABHKP", "tl_final_map": 2}
{"game": "wa30", "play": 2, "arm": "touch_tl", "seconds": 41.1, "error": null, "tl_active": "ABHKP", "tl_final_map": 1}
{"game": "wa30", "play": 5, "arm": "templates", "seconds": 17.0, "error": null, "tl_active": null, "tl_final_map": null}
{"game": "g50t", "play": 19, "arm": "touch_tl", "seconds": 46.4, "error": null, "tl_active": "ABHKP", "tl_final_map": 1}
{"game": "wa30", "play": 6, "arm": "templates", "seconds": 7.8, "error": null, "tl_active": null, "tl_final_map": null}
{"game": "wa30", "play": 4, "arm": "templates", "seconds": 42.3, "error": null, "tl_active": null, "tl_final_map": null}
{"game": "wa30", "play": 7, "arm": "templates", "seconds": 10.9, "error": null, "tl_active": null, "tl_final_map": null}
{"game": "wa30", "play": 6, "arm": "tl_only", "seconds": 28.3, "error": null, "tl_active": "ABHKP", "tl_final_map": 4}
{"game": "wa30", "play": 6, "arm": "touch_tl", "seconds": 36.2, "error": null, "tl_active": "ABHKP", "tl_final_map": 1}
{"game": "wa30", "play": 3, "arm": "tl_only", "seconds": 69.3, "error": null, "tl_active": "ABHKP", "tl_final_map": 4}
{"game": "wa30", "play": 5, "arm": "tl_only", "seconds": 45.3, "error": null, "tl_active": "ABHKP", "tl_final_map": 2}
{"game": "wa30", "play": 7, "arm": "tl_only", "seconds": 31.9, "error": null, "tl_active": "ABHKP", "tl_final_map": 3}
{"game": "wa30", "play": 3, "arm": "touch_tl", "seconds": 92.6, "error": null, "tl_active": "ABHKP", "tl_final_map": 0}
{"game": "wa30", "play": 9, "arm": "templates", "seconds": 10.7, "error": null, "tl_active": null, "tl_final_map": null}
{"game": "wa30", "play": 5, "arm": "touch_tl", "seconds": 62.7, "error": null, "tl_active": "ABHKP", "tl_final_map": 0}
{"game": "wa30", "play": 7, "arm": "touch_tl", "seconds": 40.6, "error": null, "tl_active": "ABHKP", "tl_final_map": 0}
{"game": "wa30", "play": 10, "arm": "templates", "seconds": 9.1, "error": null, "tl_active": null, "tl_final_map": null}
{"game": "wa30", "play": 11, "arm": "templates", "seconds": 4.7, "error": null, "tl_active": null, "tl_final_map": null}
{"game": "wa30", "play": 4, "arm": "tl_only", "seconds": 99.9, "error": null, "tl_active": "ABHKP", "tl_final_map": 4}
{"game": "wa30", "play": 10, "arm": "tl_only", "seconds": 21.1, "error": null, "tl_active": "ABHKP", "tl_final_map": 3}
{"game": "wa30", "play": 12, "arm": "templates", "seconds": 8.6, "error": null, "tl_active": null, "tl_final_map": null}
{"game": "wa30", "play": 11, "arm": "touch_tl", "seconds": 17.9, "error": null, "tl_active": "ABHKP", "tl_final_map": 0}
{"game": "wa30", "play": 10, "arm": "touch_tl", "seconds": 31.9, "error": null, "tl_active": "ABHKP", "tl_final_map": 0}
{"game": "wa30", "play": 11, "arm": "tl_only", "seconds": 16.5, "error": null, "tl_active": "ABHKP", "tl_final_map": 2}
{"game": "wa30", "play": 9, "arm": "tl_only", "seconds": 41.9, "error": null, "tl_active": "ABHKP", "tl_final_map": 2}
{"game": "wa30", "play": 9, "arm": "touch_tl", "seconds": 56.0, "error": null, "tl_active": "ABHKP", "tl_final_map": 0}
{"game": "wa30", "play": 14, "arm": "templates", "seconds": 0.2, "error": null, "tl_active": null, "tl_final_map": null}
{"game": "wa30", "play": 14, "arm": "touch_tl", "seconds": 1.4, "error": null, "tl_active": "ABHKP", "tl_final_map": 0}
{"game": "wa30", "play": 14, "arm": "tl_only", "seconds": 1.2, "error": null, "tl_active": "ABHKP", "tl_final_map": 0}
{"game": "wa30", "play": 12, "arm": "tl_only", "seconds": 24.0, "error": null, "tl_active": "ABHKP", "tl_final_map": 2}
{"game": "wa30", "play": 15, "arm": "templates", "seconds": 2.2, "error": null, "tl_active": null, "tl_final_map": null}
{"game": "wa30", "play": 4, "arm": "touch_tl", "seconds": 138.6, "error": null, "tl_active": "ABHKP", "tl_final_map": 0}
{"game": "wa30", "play": 12, "arm": "touch_tl", "seconds": 28.2, "error": null, "tl_active": "ABHKP", "tl_final_map": 0}
{"game": "wa30", "play": 16, "arm": "templates", "seconds": 6.7, "error": null, "tl_active": null, "tl_final_map": null}
{"game": "wa30", "play": 8, "arm": "templates", "seconds": 94.3, "error": null, "tl_active": null, "tl_final_map": null}
{"game": "wa30", "play": 13, "arm": "templates", "seconds": 37.3, "error": null, "tl_active": null, "tl_final_map": null}
{"game": "wa30", "play": 15, "arm": "tl_only", "seconds": 16.2, "error": null, "tl_active": "ABHKP", "tl_final_map": 1}
{"game": "wa30", "play": 15, "arm": "touch_tl", "seconds": 18.2, "error": null, "tl_active": "ABHKP", "tl_final_map": 0}
{"game": "wa30", "play": 18, "arm": "templates", "seconds": 0.2, "error": null, "tl_active": null, "tl_final_map": null}
{"game": "wa30", "play": 17, "arm": "templates", "seconds": 5.7, "error": null, "tl_active": null, "tl_final_map": null}
{"game": "wa30", "play": 18, "arm": "touch_tl", "seconds": 1.7, "error": null, "tl_active": "ABHKP", "tl_final_map": 0}
{"game": "wa30", "play": 18, "arm": "tl_only", "seconds": 1.5, "error": null, "tl_active": "ABHKP", "tl_final_map": 1}
{"game": "wa30", "play": 16, "arm": "tl_only", "seconds": 14.1, "error": null, "tl_active": "ABHKP", "tl_final_map": 2}
{"game": "wa30", "play": 16, "arm": "touch_tl", "seconds": 22.1, "error": null, "tl_active": "ABHKP", "tl_final_map": 0}
{"game": "wa30", "play": 17, "arm": "tl_only", "seconds": 17.9, "error": null, "tl_active": "ABHKP", "tl_final_map": 4}
{"game": "wa30", "play": 17, "arm": "touch_tl", "seconds": 23.6, "error": null, "tl_active": "ABHKP", "tl_final_map": 0}
{"game": "wa30", "play": 19, "arm": "templates", "seconds": 33.9, "error": null, "tl_active": null, "tl_final_map": null}
{"game": "wa30", "play": 13, "arm": "tl_only", "seconds": 73.0, "error": null, "tl_active": "ABHKP", "tl_final_map": 3}
{"game": "wa30", "play": 8, "arm": "tl_only", "seconds": 140.0, "error": null, "tl_active": "ABHKP", "tl_final_map": 4}
{"game": "wa30", "play": 19, "arm": "tl_only", "seconds": 67.7, "error": null, "tl_active": "ABHKP", "tl_final_map": 2}
{"game": "wa30", "play": 13, "arm": "touch_tl", "seconds": 113.7, "error": null, "tl_active": "ABHKP", "tl_final_map": 2}
{"game": "wa30", "play": 19, "arm": "touch_tl", "seconds": 93.1, "error": null, "tl_active": "ABHKP", "tl_final_map": 0}
{"game": "wa30", "play": 8, "arm": "touch_tl", "seconds": 207.1, "error": null, "tl_active": "ABHKP", "tl_final_map": 0}
# S2: tensor-logic rule learning offline on recorded plays

Same recorded actions for every arm (passive replay through the exact simulator), so nats are comparable.
gain = counts-only nats minus posterior nats on the same steps (what the rules add). map hit = the MAP rule
set's predicted label equals the observed label. Engine labels choose the step subsets only.

## Locksmith (ls20)

| subset | arm | steps | nats/step | counts | gain | map hit |
|---|---|---|---|---|---|---|
| all | templates | 3520 | 1.595 | 2.076 | 0.482 | 0.174 |
| all | touch_tl | 3520 | 1.538 | 2.076 | 0.538 | 0.133 |
| all | tl_only | 3520 | 1.686 | 2.076 | 0.39 | 0.015 |
| first_contact | templates | 78 | 2.81 | 4.216 | 1.406 | 0.038 |
| first_contact | touch_tl | 78 | 2.787 | 4.216 | 1.429 | 0.026 |
| first_contact | tl_only | 78 | 4.001 | 4.216 | 0.215 | 0.013 |
| blocked | templates | 532 | 2.546 | 2.02 | -0.526 | 0.378 |
| blocked | touch_tl | 532 | 2.316 | 2.02 | -0.295 | 0.286 |
| blocked | tl_only | 532 | 2.498 | 2.02 | -0.478 | 0.102 |

touch_tl: learned rule in MAP on 30% of steps; learned rules ever MAP per play 0.95; plays with a learned rule in the final MAP 7/19; learned mover arrows right 75/76 (vs the engine's modal player move); equations active (plays): {'A': 19, 'B': 19, 'H': 19, 'K': 19, 'P': 19, 'G': 4}; learner seconds 107.2

tl_only: learned rule in MAP on 89% of steps; learned rules ever MAP per play 5.84; plays with a learned rule in the final MAP 19/19; learned mover arrows right 75/76 (vs the engine's modal player move); equations active (plays): {'A': 19, 'B': 19, 'H': 19, 'K': 19, 'P': 19, 'G': 5}; learner seconds 109.2

## Ghost Twin (g50t)

| subset | arm | steps | nats/step | counts | gain | map hit |
|---|---|---|---|---|---|---|
| all | templates | 1756 | 1.913 | 2.381 | 0.468 | 0.237 |
| all | touch_tl | 1756 | 1.807 | 2.381 | 0.574 | 0.228 |
| all | tl_only | 1756 | 1.883 | 2.381 | 0.498 | 0.157 |
| first_contact | templates | 67 | 3.334 | 3.516 | 0.182 | 0.03 |
| first_contact | touch_tl | 67 | 3.158 | 3.516 | 0.358 | 0.015 |
| first_contact | tl_only | 67 | 3.221 | 3.516 | 0.295 | 0.03 |
| blocked | templates | 508 | 1.536 | 1.665 | 0.129 | 0.402 |
| blocked | touch_tl | 508 | 1.542 | 1.665 | 0.123 | 0.382 |
| blocked | tl_only | 508 | 1.733 | 1.665 | -0.068 | 0.24 |
| ghost | templates | 241 | 2.92 | 4.162 | 1.242 | 0.145 |
| ghost | touch_tl | 241 | 2.505 | 4.162 | 1.657 | 0.104 |
| ghost | tl_only | 241 | 2.381 | 4.162 | 1.781 | 0.05 |
| push | templates | 86 | 3.109 | 4.253 | 1.144 | 0.0 |
| push | touch_tl | 86 | 2.589 | 4.253 | 1.664 | 0.0 |
| push | tl_only | 86 | 2.933 | 4.253 | 1.32 | 0.0 |
| toggle | templates | 88 | 3.414 | 4.499 | 1.085 | 0.0 |
| toggle | touch_tl | 88 | 2.986 | 4.499 | 1.513 | 0.0 |
| toggle | tl_only | 88 | 2.67 | 4.499 | 1.829 | 0.0 |

touch_tl: learned rule in MAP on 52% of steps; learned rules ever MAP per play 0.74; plays with a learned rule in the final MAP 12/19; learned mover arrows right 60/72 (vs the engine's modal player move); equations active (plays): {'A': 19, 'B': 19, 'H': 19, 'K': 19, 'P': 18, 'G': 5}; learner seconds 24.8

tl_only: learned rule in MAP on 76% of steps; learned rules ever MAP per play 4.11; plays with a learned rule in the final MAP 18/19; learned mover arrows right 60/72 (vs the engine's modal player move); equations active (plays): {'A': 19, 'B': 19, 'H': 19, 'K': 19, 'P': 18, 'G': 5}; learner seconds 24.2

## Warehouse (wa30)

| subset | arm | steps | nats/step | counts | gain | map hit |
|---|---|---|---|---|---|---|
| all | templates | 3493 | 2.967 | 3.913 | 0.946 | 0.091 |
| all | touch_tl | 3493 | 2.929 | 3.913 | 0.984 | 0.086 |
| all | tl_only | 3493 | 3.017 | 3.913 | 0.896 | 0.102 |
| first_contact | templates | 90 | 4.152 | 4.809 | 0.656 | 0.044 |
| first_contact | touch_tl | 90 | 4.091 | 4.809 | 0.717 | 0.044 |
| first_contact | tl_only | 90 | 4.419 | 4.809 | 0.39 | 0.033 |
| blocked | templates | 562 | 3.343 | 3.776 | 0.433 | 0.181 |
| blocked | touch_tl | 562 | 3.251 | 3.776 | 0.525 | 0.18 |
| blocked | tl_only | 562 | 3.295 | 3.776 | 0.481 | 0.162 |
| push | templates | 915 | 2.659 | 3.755 | 1.095 | 0.032 |
| push | touch_tl | 915 | 2.654 | 3.755 | 1.101 | 0.016 |
| push | tl_only | 915 | 2.688 | 3.755 | 1.066 | 0.126 |

touch_tl: learned rule in MAP on 16% of steps; learned rules ever MAP per play 0.47; plays with a learned rule in the final MAP 3/19; learned mover arrows right 35/76 (vs the engine's modal player move); equations active (plays): {'A': 19, 'B': 19, 'H': 19, 'K': 19, 'P': 19}; learner seconds 79.4

tl_only: learned rule in MAP on 81% of steps; learned rules ever MAP per play 6.84; plays with a learned rule in the final MAP 18/19; learned mover arrows right 34/76 (vs the engine's modal player move); equations active (plays): {'A': 19, 'B': 19, 'H': 19, 'K': 19, 'P': 19}; learner seconds 80.6

wall 469 s

